[Licensing::Module] Trying to connect to existing licensing client channel...
Built from '6000.5/staging' branch; Version is '6000.5.9f1 (b57deb96f08d) revision 11894251'; Using compiler version '194234433'; Build Type 'Release'
OS: 'Windows 11  (10.0.26200) Enterprise' Language: 'en' Physical Memory: 32456 MB
BatchMode: 1, IsHumanControllingUs: 0, StartBugReporterOnCrash: 0, Is64bit: 1
System  architecture: x64
Process architecture: x64
Date: 2026-10-07T08:08:00Z
[Licensing::IpcConnector] Successfully connected to: "LicenseClient-StudentCalvinWong(TL" at "2026-10-07T08:08:00.4109544Z"

COMMAND LINE ARGUMENTS:
C:\Program Files\Unity\Hub\Editor\6000.5.9f1\Editor\Unity.exe
-adb2
-batchMode
-noUpm
-name
AssetImportWorkerHW1
-projectPath
C:/Users/StudentCalvinWong(TL/Desktop/CW_GM
-logFile
Logs/AssetImportWorkerHW1.log
-srvPort
62835
-parentPid
29664
-analyticsCloudUserId
5773457404144
-analyticsLocalProjectId
d32b80a6dbf2b2c46aa52d45aa5af9de
-editorAnalyticsEnabled
1
-cbmEditorLicense
e6e43da1bde9fa835b5c0021097abe196bc6f4c1
-cbmMachineId
nR/b0MT9RZhjcBZ0zk7/cNwzGt8=
-licensingIpc
LicenseClient-StudentCalvinWong(TL
-noDiagnosticSwitchPersistentStore
-job-worker-count
9
-background-job-worker-count
8
-asset-garbage-collectors
1
-force-d3d12
-name
AssetImport
Successfully changed project path to: C:/Users/StudentCalvinWong(TL/Desktop/CW_GM
C:/Users/StudentCalvinWong(TL/Desktop/CW_GM
[UnityMemory] Configuration Parameters - Can be set up in boot.config
    "memorysetup-temp-allocator-size-gi-baking-worker=262144"
    "memorysetup-temp-allocator-size-gi-baking-worker=262144"
    "memorysetup-temp-allocator-size-gi-baking-worker=262144"
    "memorysetup-temp-allocator-size-gi-baking-worker=262144"
    "memorysetup-temp-allocator-size-gi-baking-worker=262144"
    "memorysetup-temp-allocator-size-nav-mesh-worker=65536"
    "memorysetup-temp-allocator-size-audio-worker=65536"
    "memorysetup-temp-allocator-size-cloud-worker=32768"
    "memorysetup-temp-allocator-size-gfx=262144"
    "memorysetup-remapper-allocator-initial-capacity=32768"
    "memorysetup-temp-allocator-size-preload-manager=33554432"
    "memorysetup-allocator-temp-initial-block-size-main=262144"
    "memorysetup-allocator-temp-initial-block-size-worker=262144"
    "memorysetup-temp-allocator-size-job-worker=262144"
    "memorysetup-temp-allocator-size-background-worker=32768"
    "memorysetup-bucket-allocator-granularity=16"
    "memorysetup-bucket-allocator-bucket-count=8"
    "memorysetup-bucket-allocator-block-size=33554432"
    "memorysetup-bucket-allocator-block-count=8"
    "memorysetup-main-allocator-block-size=16777216"
    "memorysetup-thread-allocator-block-size=16777216"
    "memorysetup-main-allocator-mimalloc-enabled=0"
    "memorysetup-gfx-main-allocator-block-size=16777216"
    "memorysetup-gfx-thread-allocator-block-size=16777216"
    "memorysetup-cache-allocator-block-size=4194304"
    "memorysetup-typetree-allocator-block-size=2097152"
    "memorysetup-profiler-bucket-allocator-granularity=16"
    "memorysetup-profiler-bucket-allocator-bucket-count=8"
    "memorysetup-profiler-bucket-allocator-block-size=33554432"
    "memorysetup-profiler-bucket-allocator-block-count=8"
    "memorysetup-profiler-allocator-block-size=16777216"
    "memorysetup-profiler-editor-allocator-block-size=1048576"
    "memorysetup-temp-allocator-size-main=16777216"
    "memorysetup-job-temp-allocator-block-size=2097152"
    "memorysetup-job-temp-allocator-block-size-background=1048576"
    "memorysetup-job-temp-allocator-reduction-small-platforms=262144"
Player connection [30240]  Target information:

Player connection [30240]  * "[IP] 10.5.28.196 [Port] 0 [Flags] 2 [Guid] 1485549853 [EditorId] 1485549853 [Version] 1048832 [Id] WindowsEditor(7,R302-KY-49KJKW3) [Debug] 1 [PackageName] WindowsEditor [ProjectName] Editor" 

Player connection [30240]  * "[IP] 172.17.192.1 [Port] 0 [Flags] 2 [Guid] 1485549853 [EditorId] 1485549853 [Version] 1048832 [Id] WindowsEditor(7,R302-KY-49KJKW3) [Debug] 1 [PackageName] WindowsEditor [ProjectName] Editor" 

Player connection [30240]  * "[IP] 192.168.56.1 [Port] 0 [Flags] 2 [Guid] 1485549853 [EditorId] 1485549853 [Version] 1048832 [Id] WindowsEditor(7,R302-KY-49KJKW3) [Debug] 1 [PackageName] WindowsEditor [ProjectName] Editor" 

Player connection [30240] Host joined multi-casting on [225.0.0.222:54997]...
Player connection [30240] Host joined alternative multi-casting on [225.0.0.222:34997]...
JobSystem: Creating JobQueue using job-worker-count value 9
Input System module state changed to: Initialized.
[Physics::Module] Initialized fallback backend.
[Physics::Module] Id: 0xdecafbad
Library Redirect Path: Library/
[Physics::Module] Selected backend.
[Physics::Module] Name: PhysX
[Physics::Module] Id: 0xf2b8ea05
[Physics::Module] SDK Version: 4.1.2
[Physics::Module] Integration Version: 1.0.0
[Physics::Module] Threading Mode: Multi-Threaded
Initialize engine version: 6000.5.9f1 (b57deb96f08d)
[Subsystems] Discovering subsystems at path C:/Program Files/Unity/Hub/Editor/6000.5.9f1/Editor/Data/Resources/UnitySubsystems
[Subsystems] Discovering subsystems at path C:/Users/StudentCalvinWong(TL/Desktop/CW_GM/Assets
Forcing GfxDevice: Direct3D 12
GfxDevice: creating device client; kGfxThreadingModeNonThreaded
d3d12: failed to query info queue interface (0x80004002).
Direct3D:
    Version:         Direct3D 12 [level 12.0]
    Renderer:        AMD Radeon RX 640 (ID=0x6987)
    Vendor:          ATI
    VRAM:            4040 MB
    App VRAM Budget: 3434 MB
    Driver:          31.0.12020.1
Initialize mono
Mono path[0] = 'C:/Program Files/Unity/Hub/Editor/6000.5.9f1/Editor/Data/Managed'
Mono path[1] = 'C:/Program Files/Unity/Hub/Editor/6000.5.9f1/Editor/Data/BCLExtensions/runtime/netstandard2.1'
Mono path[2] = 'C:/Program Files/Unity/Hub/Editor/6000.5.9f1/Editor/Data/MonoBleedingEdge/lib/mono/unityjit-win32'
Mono config path = 'C:/Program Files/Unity/Hub/Editor/6000.5.9f1/Editor/Data/MonoBleedingEdge/etc'
Using monoOptions --debugger-agent=transport=dt_socket,embedding=1,server=y,suspend=n,address=127.0.0.1:56324
CodeReloadManager initialized
Begin MonoManager ReloadAssembly
Registering precompiled unity dll's ...
Register platform support module: C:/Program Files/Unity/Hub/Editor/6000.5.9f1/Editor/Data/PlaybackEngines/WebGLSupport/UnityEditor.WebGL.Extensions.dll
[Licensing::Module] Licensing is not yet initialized.
[Licensing::Client] Error: HandshakeResponse reported an error:
	ResponseCode: 505
	ResponseStatus: Unsupported protocol version '1.18.3'.
[Licensing::Module] Error: Failed to handshake to channel: "LicenseClient-StudentCalvinWong(TL"
[Licensing::IpcConnector] LicenseClient-StudentCalvinWong(TL channel disconnected successfully.
[Licensing::IpcConnector] Successfully connected to: "LicenseClient-StudentCalvinWong(TL-6000.5.9" at "2026-10-07T08:08:01.8614309Z"
[Licensing::Client] Code 10 while verifying Licensing Client signature (process Id: 23044, path: "C:/Program Files/Unity/Hub/Editor/6000.5.9f1/Editor/Data/Resources/Licensing/Client/Unity.Licensing.Client.exe")
[Licensing::Module] LicensingClient has failed validation; ignoring
[Licensing::Client] Handshaking with LicensingClient:
  Version:                 1.18.3+d7ffd15
  Session Id:              f5b0212ddc1343c58a6b08d8ab1b3bbf
  Correlation Id:          ccefb1e9e034afb9596c5fc2f4032e7f
  External correlation Id: 5593313586372474059
  Machine Id:              nR/b0MT9RZhjcBZ0zk7/cNwzGt8=
[Licensing::Module] Successfully connected to LicensingClient on channel: "LicenseClient-StudentCalvinWong(TL-6000.5.9" (connect: 0.00s, validation: 0.03s, handshake: 0.01s)
[Licensing::IpcConnector] Successfully connected to: "LicenseClient-StudentCalvinWong(TL-6000.5.9-notifications" at "2026-10-07T08:08:01.8968681Z"
[Licensing::Module] Licensing Background thread has ended after 1.49s
[Licensing::Module] Licensing is initialized (took 0.48s).
[Licensing::Client] Successfully resolved entitlement details
[Licensing::Module] License group:
  Id: 5773457404144-UnityPersXXXX
  Product: Unity Personal
  Type: Assigned
  Expiration: Unlimited
Register platform support module: C:/Program Files/Unity/Hub/Editor/6000.5.9f1/Editor/Data/PlaybackEngines/VisionOSPlayer/UnityEditor.VisionOS.Extensions.dll
Register platform support module: C:/Program Files/Unity/Hub/Editor/6000.5.9f1/Editor/Data/PlaybackEngines/WindowsStandaloneSupport/UnityEditor.WindowsStandalone.Extensions.dll
[Licensing::Client] Successfully resolved entitlement details
Register platform support module: C:/Program Files/Unity/Hub/Editor/6000.5.9f1/Editor/Data/PlaybackEngines/MetroSupport/UnityEditor.UWP.Extensions.dll
[Licensing::Client] Successfully resolved entitlement details
Register platform support module: C:/Program Files/Unity/Hub/Editor/6000.5.9f1/Editor/Data/PlaybackEngines/AndroidPlayer/UnityEditor.Android.Extensions.dll
Register platform support module: C:/Program Files/Unity/Hub/Editor/6000.5.9f1/Editor/Data/PlaybackEngines/iOSSupport/UnityEditor.iOS.Extensions.dll
Register platform support module: C:/Program Files/Unity/Hub/Editor/6000.5.9f1/Editor/Data/PlaybackEngines/AppleTVSupport/UnityEditor.AppleTV.Extensions.dll
Registered in 0.558153 seconds.
[usbmuxd] Start listen thread
[usbmuxd] Listen thread started
Native extension for AppleTV target not found
[usbmuxd] Start listen thread
[usbmuxd] Listen thread started
Native extension for iOS target not found
Native extension for Android target not found
Native extension for UWP target not found
Native extension for WindowsStandalone target not found
Failed to load: C:/Program Files/Unity/Hub/Editor/6000.5.9f1/Editor/Data/PlaybackEngines/VisionOSPlayer\x64\UnityEditor.VisionOS.Native.dll
Native extension for VisionOS target not found
Native extension for WebGL target not found
Package Manager log level set to [2]
[Package Manager] Failed to launch server process. Reason: Unity was launched with the -noUpm command-line argument
[Package Manager] Unable to send message (not connected to server process).
[Package Manager] Cannot connect to Unity Package Manager local server
ScheduleIndexationOnStartup MainProcess:False IndexOnStartup:True
Mono: successfully reloaded assembly
- Finished resetting the current domain, in  0.584 seconds
Domain Reload Profiling: 1805ms
	BeginReloadAssembly (191ms)
	RebuildCommonClasses (4ms)
	RebuildNativeTypeToScriptingClass (14ms)
	initialDomainReloadingComplete (716ms)
	LoadAllAssembliesAndSetupDomain (295ms)
		LoadAssemblies (197ms)
		AnalyzeDomain (210ms)
			TypeCache.Refresh (209ms)
				TypeCache.ScanAssembly (195ms)
	FinalizeReload (585ms)
		SetupLoadedEditorAssemblies (0ms)
			InitializePlatformSupportModulesInManaged (63ms)
			BeforeProcessingInitializeOnLoad (74ms)
			ProcessInitializeOnLoadAttributes (83ms)
			ProcessInitializeOnLoadMethodAttributes (309ms)
Initializing Unity extensions:
[Licensing::Client] Successfully resolved entitlement details
========================================================================
Worker process is ready to serve import requests
Import Worker Mode flag is 0x00
Begin MonoManager ReloadAssembly
Native extension for AppleTV target not found
Native extension for iOS target not found
Native extension for Android target not found
Native extension for UWP target not found
Native extension for WindowsStandalone target not found
Failed to load: C:/Program Files/Unity/Hub/Editor/6000.5.9f1/Editor/Data/PlaybackEngines/VisionOSPlayer\x64\UnityEditor.VisionOS.Native.dll
Native extension for VisionOS target not found
Native extension for WebGL target not found
[Package Manager] Failed to launch server process. Reason: Unity was launched with the -noUpm command-line argument
[Package Manager] Unable to send message (not connected to server process).
[Package Manager] Cannot connect to Unity Package Manager local server
ScheduleIndexationOnStartup MainProcess:False IndexOnStartup:True
Mono: successfully reloaded assembly
- Finished resetting the current domain, in  0.357 seconds
Domain Reload Profiling: 840ms
	BeginReloadAssembly (257ms)
		DisableScriptedObjects (12ms)
		CreateAndSetChildDomain (28ms)
	RebuildCommonClasses (7ms)
	RebuildNativeTypeToScriptingClass (14ms)
	initialDomainReloadingComplete (90ms)
	LoadAllAssembliesAndSetupDomain (113ms)
		LoadAssemblies (181ms)
		AnalyzeDomain (23ms)
			TypeCache.Refresh (20ms)
				TypeCache.ScanAssembly (10ms)
	FinalizeReload (358ms)
		SetupLoadedEditorAssemblies (0ms)
			InitializePlatformSupportModulesInManaged (27ms)
			BeforeProcessingInitializeOnLoad (72ms)
			ProcessInitializeOnLoadAttributes (63ms)
			ProcessInitializeOnLoadMethodAttributes (61ms)
			AfterProcessingInitializeOnLoad (4ms)
		AwakeInstancesAfterBackupRestoration (7ms)
AcceleratorClientConnectionCallback - disconnected - :0
Launched and connected shader compiler UnityShaderCompiler.exe after 0.02 seconds
Unloading 0 Unused Serialized files (Serialized files now loaded: 0)
Curl error 3: URL rejected: Malformed input to a URL function
Unloading 69 unused Assets / (30.1 KB). Loaded Objects now: 835.
Memory consumption went from 168.9 MB to 168.8 MB.
Total: 3.221800 ms (FindLiveObjects: 0.062400 ms CreateObjectMapping: 0.017100 ms MarkObjects: 3.057900 ms  DeleteObjects: 0.082400 ms)

========================================================================
Received Prepare
AcceleratorClientConnectionCallback - disconnected - :0
Unloading 0 Unused Serialized files (Serialized files now loaded: 0)
Unloading 67 unused Assets / (1.0 KB). Loaded Objects now: 835.
Memory consumption went from 168.8 MB to 168.8 MB.
Total: 5.482500 ms (FindLiveObjects: 0.096100 ms CreateObjectMapping: 0.023800 ms MarkObjects: 5.334600 ms  DeleteObjects: 0.027200 ms)

Prepare: number of updated asset objects reloaded= 0
========================================================================
Received Import Request.
  Time of request: 2026-10-07T08:12:17.5091656Z
  Time since last request: 4574.60882419999962 seconds.
  importAddress: GUID: 72a30436241b66f48aa116f4ccd96d4d - Path: Assets/ICollidable.cs - Importer: PreviewImporter
Importing 'GUID: 72a30436241b66f48aa116f4ccd96d4d - Path: Assets/ICollidable.cs - Importer: PreviewImporter' with importer (PreviewImporter)
Imported 'GUID: 72a30436241b66f48aa116f4ccd96d4d' -> (Import Result ID: 'c17dd57ad83734ec8c6965d42cfff580') in 0.004 seconds [static and dynamic dependencies]. Details - ImportResultOutputID=b3b4b6f40f146eb806f3b94b0be329c2 DependenciesID=f20d40a0f18d648715366d45d499cba9 StaticDependenciesID=c3f501d8686cb9f6327c0c09bd4a7ded 
Number of updated asset objects reloaded before import = 0
Number of asset objects unloaded after import = 0
========================================================================
Received Import Request.
  Time of request: 2026-10-07T08:12:18.4680683Z
  Time since last request: 0.9533039 seconds.
  importAddress: GUID: 72a30436241b66f48aa116f4ccd96d4d - Path: Assets/ICollidable.cs - Importer: ScriptedImporter/UnityEditor.QuickSearchModule:UnityEditor.Search:ASIAI0B
Importing 'GUID: 72a30436241b66f48aa116f4ccd96d4d - Path: Assets/ICollidable.cs - Importer: ScriptedImporter/UnityEditor.QuickSearchModule:UnityEditor.Search:ASIAI0B' with importer (ScriptedImporter : UnityEditor.QuickSearchModule:UnityEditor.Search:ASIAI0B)
Imported 'GUID: 72a30436241b66f48aa116f4ccd96d4d' -> (Import Result ID: '70f6ca507c3476da270a4b17293b5ee5') in 0.074 seconds [static and dynamic dependencies]. Details - ImportResultOutputID=9c8396f2323e9f94d3a1e4372a21773d DependenciesID=50741a886e65d253e222cd9af9757899 StaticDependenciesID=10976af090b0f5769d1218f60cc17919 
Number of updated asset objects reloaded before import = 0
Number of asset objects unloaded after import = 0
========================================================================
Received Prepare
AcceleratorClientConnectionCallback - disconnected - :0
Unloading 0 Unused Serialized files (Serialized files now loaded: 0)
Unloading 67 unused Assets / (1.7 KB). Loaded Objects now: 837.
Memory consumption went from 169.7 MB to 169.7 MB.
Total: 3.183200 ms (FindLiveObjects: 0.039400 ms CreateObjectMapping: 0.015100 ms MarkObjects: 3.102800 ms  DeleteObjects: 0.024900 ms)

Prepare: number of updated asset objects reloaded= 0
========================================================================
Received Import Request.
  Time of request: 2026-10-07T08:12:43.1608532Z
  Time since last request: 24.6183528 seconds.
  importAddress: GUID: 72a30436241b66f48aa116f4ccd96d4d - Path: Assets/ICollidable.cs - Importer: PreviewImporter
Importing 'GUID: 72a30436241b66f48aa116f4ccd96d4d - Path: Assets/ICollidable.cs - Importer: PreviewImporter' with importer (PreviewImporter)
Imported 'GUID: 72a30436241b66f48aa116f4ccd96d4d' -> (Import Result ID: 'd142cc90eae0a2f042807db5ecf95cae') in 0.000 seconds [static and dynamic dependencies]. Details - ImportResultOutputID=b3b4b6f40f146eb806f3b94b0be329c2 DependenciesID=b50857e30a0a0bf07b62296a642a4d74 StaticDependenciesID=0d4b0399c2cc450b99816a2b883a3157 
Number of updated asset objects reloaded before import = 0
Number of asset objects unloaded after import = 0
========================================================================
Received Prepare
AcceleratorClientConnectionCallback - disconnected - :0
Unloading 0 Unused Serialized files (Serialized files now loaded: 0)
Unloading 67 unused Assets / (1.0 KB). Loaded Objects now: 837.
Memory consumption went from 169.8 MB to 169.8 MB.
Total: 4.939000 ms (FindLiveObjects: 0.048300 ms CreateObjectMapping: 0.030500 ms MarkObjects: 4.835900 ms  DeleteObjects: 0.023200 ms)

Prepare: number of updated asset objects reloaded= 0
========================================================================
Received Prepare
AcceleratorClientConnectionCallback - disconnected - :0
Unloading 0 Unused Serialized files (Serialized files now loaded: 0)
Unloading 67 unused Assets / (1.0 KB). Loaded Objects now: 837.
Memory consumption went from 170.0 MB to 170.0 MB.
Total: 4.257000 ms (FindLiveObjects: 0.076600 ms CreateObjectMapping: 0.019400 ms MarkObjects: 4.133200 ms  DeleteObjects: 0.025800 ms)

Prepare: number of updated asset objects reloaded= 0
========================================================================
Received Import Request.
  Time of request: 2026-10-07T08:39:37.9897118Z
  Time since last request: 1614.82834660000003 seconds.
  importAddress: GUID: 72a30436241b66f48aa116f4ccd96d4d - Path: Assets/ICollidable.cs - Importer: PreviewImporter
Importing 'GUID: 72a30436241b66f48aa116f4ccd96d4d - Path: Assets/ICollidable.cs - Importer: PreviewImporter' with importer (PreviewImporter)
Imported 'GUID: 72a30436241b66f48aa116f4ccd96d4d' -> (Import Result ID: '28e9abee350da72a07c2f60cc9dac678') in 0.001 seconds [static and dynamic dependencies]. Details - ImportResultOutputID=b3b4b6f40f146eb806f3b94b0be329c2 DependenciesID=2912913c742a38ad26f0d92596074b15 StaticDependenciesID=18284d2c542add4aebd7d311757ae039 
Number of updated asset objects reloaded before import = 0
Number of asset objects unloaded after import = 0
========================================================================
Received Import Request.
  Time of request: 2026-10-07T08:39:38.7838797Z
  Time since last request: 0.7934743 seconds.
  importAddress: GUID: 9ae9ee59bd76c904e9bfdbbe7092be7d - Path: Assets/Bounce.cs - Importer: ScriptedImporter/UnityEditor.QuickSearchModule:UnityEditor.Search:ASIAI0B
Importing 'GUID: 9ae9ee59bd76c904e9bfdbbe7092be7d - Path: Assets/Bounce.cs - Importer: ScriptedImporter/UnityEditor.QuickSearchModule:UnityEditor.Search:ASIAI0B' with importer (ScriptedImporter : UnityEditor.QuickSearchModule:UnityEditor.Search:ASIAI0B)
Imported 'GUID: 9ae9ee59bd76c904e9bfdbbe7092be7d' -> (Import Result ID: 'a70a90cf67eb7207a7a13eab7aa44b50') in 0.005 seconds [static and dynamic dependencies]. Details - ImportResultOutputID=d6782412426ff4af4a13432b4496dc90 DependenciesID=5613622c55098921554b928669fc7f95 StaticDependenciesID=59fda2a8c8c9dd8fe40315b79785d97d 
Number of updated asset objects reloaded before import = 0
Number of asset objects unloaded after import = 0
========================================================================
Received Import Request.
  Time of request: 2026-10-07T08:39:38.7893039Z
  Time since last request: 0.0002856 seconds.
  importAddress: GUID: 72a30436241b66f48aa116f4ccd96d4d - Path: Assets/ICollidable.cs - Importer: ScriptedImporter/UnityEditor.QuickSearchModule:UnityEditor.Search:ASIAI0B
Importing 'GUID: 72a30436241b66f48aa116f4ccd96d4d - Path: Assets/ICollidable.cs - Importer: ScriptedImporter/UnityEditor.QuickSearchModule:UnityEditor.Search:ASIAI0B' with importer (ScriptedImporter : UnityEditor.QuickSearchModule:UnityEditor.Search:ASIAI0B)
Imported 'GUID: 72a30436241b66f48aa116f4ccd96d4d' -> (Import Result ID: 'de32d9e18c60b83b2573b8cb43878cdf') in 0.012 seconds [static and dynamic dependencies]. Details - ImportResultOutputID=a0808c5763a2f1730b5488bee040cb7e DependenciesID=17c1d06a1757b530d4e52d97c0b51892 StaticDependenciesID=eef2a5fcd75515c2597beeb5fd1ea4c9 
Number of updated asset objects reloaded before import = 0
Number of asset objects unloaded after import = 0
========================================================================
Received Prepare
AcceleratorClientConnectionCallback - disconnected - :0
Unloading 0 Unused Serialized files (Serialized files now loaded: 0)
Unloading 67 unused Assets / (1.0 KB). Loaded Objects now: 837.
Memory consumption went from 169.7 MB to 169.7 MB.
Total: 3.192200 ms (FindLiveObjects: 0.038800 ms CreateObjectMapping: 0.012500 ms MarkObjects: 3.121800 ms  DeleteObjects: 0.018300 ms)

Prepare: number of updated asset objects reloaded= 0
========================================================================
Received Prepare
AcceleratorClientConnectionCallback - disconnected - :0
Unloading 0 Unused Serialized files (Serialized files now loaded: 0)
Unloading 67 unused Assets / (1.0 KB). Loaded Objects now: 837.
Memory consumption went from 169.9 MB to 169.9 MB.
Total: 3.670100 ms (FindLiveObjects: 0.039000 ms CreateObjectMapping: 0.013500 ms MarkObjects: 3.591100 ms  DeleteObjects: 0.025400 ms)

Prepare: number of updated asset objects reloaded= 0
========================================================================
Received Prepare
AcceleratorClientConnectionCallback - disconnected - :0
Unloading 0 Unused Serialized files (Serialized files now loaded: 0)
Unloading 67 unused Assets / (1.0 KB). Loaded Objects now: 837.
Memory consumption went from 170.0 MB to 170.0 MB.
Total: 4.161700 ms (FindLiveObjects: 0.092900 ms CreateObjectMapping: 0.021100 ms MarkObjects: 4.021900 ms  DeleteObjects: 0.024700 ms)

Prepare: number of updated asset objects reloaded= 0
========================================================================
Received Import Request.
  Time of request: 2026-10-07T08:43:21.7955266Z
  Time since last request: 222.993741 seconds.
  importAddress: GUID: 72a30436241b66f48aa116f4ccd96d4d - Path: Assets/ICollidable.cs - Importer: PreviewImporter
Importing 'GUID: 72a30436241b66f48aa116f4ccd96d4d - Path: Assets/ICollidable.cs - Importer: PreviewImporter' with importer (PreviewImporter)
Imported 'GUID: 72a30436241b66f48aa116f4ccd96d4d' -> (Import Result ID: 'f049f28f033d91b1e554817df2d702df') in 0.001 seconds [static and dynamic dependencies]. Details - ImportResultOutputID=b3b4b6f40f146eb806f3b94b0be329c2 DependenciesID=5d5d48c8af6039dea6ad7e4861c124b5 StaticDependenciesID=0ab308cc365255ae558d48a252cda54d 
Number of updated asset objects reloaded before import = 0
Number of asset objects unloaded after import = 0
========================================================================
Received Prepare
AcceleratorClientConnectionCallback - disconnected - :0
Unloading 0 Unused Serialized files (Serialized files now loaded: 0)
Unloading 67 unused Assets / (1.0 KB). Loaded Objects now: 837.
Memory consumption went from 170.2 MB to 170.2 MB.
Total: 4.127600 ms (FindLiveObjects: 0.079700 ms CreateObjectMapping: 0.019800 ms MarkObjects: 3.982800 ms  DeleteObjects: 0.044400 ms)

Prepare: number of updated asset objects reloaded= 0
========================================================================
Received Prepare
AcceleratorClientConnectionCallback - disconnected - :0
Unloading 0 Unused Serialized files (Serialized files now loaded: 0)
Unloading 67 unused Assets / (1.0 KB). Loaded Objects now: 837.
Memory consumption went from 170.3 MB to 170.3 MB.
Total: 4.084400 ms (FindLiveObjects: 0.077300 ms CreateObjectMapping: 0.017600 ms MarkObjects: 3.956900 ms  DeleteObjects: 0.031000 ms)

Prepare: number of updated asset objects reloaded= 0
========================================================================
Received Import Request.
  Time of request: 2026-10-07T09:04:43.8814226Z
  Time since last request: 1282.08517729999994 seconds.
  importAddress: GUID: dca4e40a1c1f0f84aa3ff2f709c6263c - Path: Assets/PlanePhysics.cs - Importer: PreviewImporter
Importing 'GUID: dca4e40a1c1f0f84aa3ff2f709c6263c - Path: Assets/PlanePhysics.cs - Importer: PreviewImporter' with importer (PreviewImporter)
Imported 'GUID: dca4e40a1c1f0f84aa3ff2f709c6263c' -> (Import Result ID: '578dfb9a030b9516a3c552f96554c3b1') in 0.001 seconds [static and dynamic dependencies]. Details - ImportResultOutputID=4ea89046aa7190fa773218642b48faef DependenciesID=871cbe340f5b5e9311848282179c2fbc StaticDependenciesID=95fa6f1abc10668baf986cebdd3c4b54 
Number of updated asset objects reloaded before import = 0
Number of asset objects unloaded after import = 0
Editor requested this worker to shutdown with reason: Editor is closing down
AcceleratorClientConnectionCallback - disconnected - :0
AssetImportWorker is now disconnected from the server
Process exiting
Exiting without the bug reporter. Application will terminate with return code 0